// Jest Snapshot v1, https://goo.gl/fbAQLP

exports[`Textbox display the added text 1`] = `
<div>
  <label>
    a_label:
  </label>
  <input
    id="tb-id"
    name="tb-name"
    onChange="typed_text"
    type="text"
  />
</div>
`;
